A51 MACRO ASSEMBLER  VRHEADSET                                                            06/05/2019 09:16:17 PAGE     1


MACRO ASSEMBLER A51 V8.2.7.0
OBJECT MODULE PLACED IN .\Objects\vrheadset.obj
ASSEMBLER INVOKED BY: C:\Keil_v5\C51\BIN\A51.EXE vrheadset.a51 SET(SMALL) DEBUG PRINT(.\Listings\vrheadset.lst) OBJECT(.
                      \Objects\vrheadset.obj) EP

LOC  OBJ            LINE     SOURCE

                       1     
                       2     
                       3     
                       4     
                       5     
                       6     
                       7     
0000                   8     org   0000h
0000 802E              9     jmp   main
                      10     
0023                  11     org 0023h ;jump here when interrupt 8051 receives data (RI=1)
0023 7F00             12     mov R7,#0
0025 020042           13     ljmp serial
                      14     
                      15     ;====================================================================
                      16     ; CODE SEGMENT
                      17     ;====================================================================
                      18     
0030                  19           org   0030h
0030                  20     main:   
0030 758921           21                     MOV TMOD, #00100001b
                      22                     ;timer0,mode1, 0-65535 for control servo
                      23                     ;timer1,mode2 0-255 auto reload for uart
0033 758DF3           24                     mov TH1,#0f3h ;baud rate 2400 with smod=0 and F_thachanh=12 Mhz //#0f3h
0036 759850           25                     mov SCON,#50h ;usually like this value
0039 75A890           26                     mov IE,#10010000b ;enable serial interrupt and disable other interrupts
003C D28E             27                     setb TR1 ;enable timer1 of uart
003E 80FE             28                     here: sjmp here ;loop here waiting for uart transmit to
0040 80EE             29                     JMP MAIN      
                      30                     
                      31     ;------
                      32     
                      33                     
                      34                     
                      35                     
                      36                     
                      37                     
                      38                     
                      39                     
                      40                     
                      41                     
                      42                     
                      43           
                      44               
                      45     
                      46     
                      47     
                      48     
                      49     
                      50     
                      51     
                      52     
                      53     ;-----
                      54                     
0042                  55     serial:
0042 AF99             56                     mov R7,SBUF
                      57                     ;mov R7,A
A51 MACRO ASSEMBLER  VRHEADSET                                                            06/05/2019 09:16:17 PAGE     2

0044 114B             58                     acall control_servo
0046 C298             59                     clr RI
0048 3114             60                     acall reply
004A 32               61                     reti
                      62     
004B                  63     control_servo:
004B BF6105           64                     cjne R7,#'a',pass1 ;if R7 != a then jump to pass1//11
004E 3134             65                     acall MOVE90_servo1 ;function for servo1
0050 31BB             66                     acall MOVET90_servo2 ;function for servo2
0052 22               67                     ret ;return to serial function
                      68                     
0053 BF6205           69     pass1:  cjne R7,#'b',pass2 ;if R7 != b then jump to pass2//12
0056 3134             70                     acall MOVE90_servo1
0058 31AC             71                     acall MOVET45_servo2 ;function for servo2
005A 22               72                     ret
005B BF6305           73     pass2:  cjne R7,#'c',pass3 ;if R7 != b then jump to pass2//13
005E 3134             74                     acall MOVE90_servo1
0060 319D             75                     acall MOVE0_servo2 ;function for servo2
0062 22               76                     ret
0063 BF6405           77     pass3:  cjne R7,#'d',pass4 ;if R7 != b then jump to pass2//14
0066 3134             78                     acall MOVE90_servo1
0068 318E             79                     acall MOVE45_servo2 ;function for servo2
006A 22               80                     ret
006B BF6505           81     pass4:  cjne R7,#'e',pass5 ;if R7 != b then jump to pass2//15
006E 3134             82                     acall MOVE90_servo1
0070 317F             83                     acall MOVE90_servo2 ;function for servo2
0072 22               84                     ret
0073 BF6605           85     pass5:  cjne R7,#'f',pass6 ;if R7 != b then jump to pass2//21
0076 3143             86                     acall MOVE45_servo1
0078 31BB             87                     acall MOVET90_servo2 ;function for servo2
007A 22               88                     ret
007B BF6705           89     pass6:  cjne R7,#'g',pass7 ;if R7 != b then jump to pass2//22
007E 3143             90                     acall MOVE45_servo1
0080 31AC             91                     acall MOVET45_servo2 ;function for servo2
0082 22               92                     ret
0083 BF6805           93     pass7:  cjne R7,#'h',pass8 ;if R7 != b then jump to pass2//23
0086 3143             94                     acall MOVE45_servo1
0088 319D             95                     acall MOVE0_servo2 ;function for servo2
008A 22               96                     ret
008B BF6905           97     pass8:  cjne R7,#'i',pass9 ;if R7 != b then jump to pass2//24
008E 3143             98                     acall MOVE45_servo1
0090 318E             99                     acall MOVE45_servo2 ;function for servo2
0092 22              100                     ret
0093 BF6A05          101     pass9:  cjne R7,#'j',pass10 ;if R7 != b then jump to pass2//25
0096 3143            102                     acall MOVE45_servo1
0098 317F            103                     acall MOVE90_servo2 ;function for servo2
009A 22              104                     ret
009B BF6B05          105     pass10: cjne R7,#'k',pass11 ;if R7 != b then jump to pass2//31
009E 3152            106                     acall MOVE0_servo1
00A0 31BB            107                     acall MOVET90_servo2 ;function for servo2
00A2 22              108                     ret
00A3 BF6C05          109     pass11: cjne R7,#'l',pass12 ;if R7 != b then jump to pass2//32
00A6 3152            110                     acall MOVE0_servo1
00A8 31AC            111                     acall MOVET45_servo2 ;function for servo2
00AA 22              112                     ret
00AB BF6D05          113     pass12: cjne R7,#'m',pass13 ;if R7 != b then jump to pass2//33
00AE 3152            114                     acall MOVE0_servo1
00B0 319D            115                     acall MOVE0_servo2 ;function for servo2
00B2 22              116                     ret
00B3 BF6E05          117     pass13: cjne R7,#'n',pass14 ;if R7 != b then jump to pass2//34
00B6 3152            118                     acall MOVE0_servo1
00B8 318E            119                     acall MOVE45_servo2 ;function for servo2
00BA 22              120                     ret
00BB BF6F05          121     pass14: cjne R7,#'o',pass15 ;if R7 != b then jump to pass2//35
00BE 3152            122                     acall MOVE0_servo1
00C0 317F            123                     acall MOVE90_servo2 ;function for servo2
A51 MACRO ASSEMBLER  VRHEADSET                                                            06/05/2019 09:16:17 PAGE     3

00C2 22              124                     ret
00C3 BF7005          125     pass15: cjne R7,#'p',pass16 ;if R7 != b then jump to pass2//41
00C6 3161            126                     acall MOVET45_servo1
00C8 31BB            127                     acall MOVET90_servo2 ;function for servo2
00CA 22              128                     ret
00CB BF7105          129     pass16: cjne R7,#'q',pass17 ;if R7 != b then jump to pass2//42
00CE 3161            130                     acall MOVET45_servo1
00D0 31AC            131                     acall MOVET45_servo2 ;function for servo2
00D2 22              132                     ret
00D3 BF7205          133     pass17: cjne R7,#'r',pass18 ;if R7 != b then jump to pass2//43
00D6 3161            134                     acall MOVET45_servo1
00D8 319D            135                     acall MOVE0_servo2 ;function for servo2
00DA 22              136                     ret
00DB BF7305          137     pass18: cjne R7,#'s',pass19 ;if R7 != b then jump to pass2//44
00DE 3161            138                     acall MOVET45_servo1
00E0 318E            139                     acall MOVE45_servo2 ;function for servo2
00E2 22              140                     ret
00E3 BF7405          141     pass19: cjne R7,#'t',pass20 ;if R7 != b then jump to pass2//45
00E6 3161            142                     acall MOVET45_servo1
00E8 317F            143                     acall MOVE90_servo2 ;function for servo2
00EA 22              144                     ret
00EB BF7505          145     pass20: cjne R7,#'u',pass21 ;if R7 != b then jump to pass2//51
00EE 3170            146                     acall MOVET90_servo1
00F0 31BB            147                     acall MOVET90_servo2 ;function for servo2
00F2 22              148                     ret             
00F3 BF7605          149     pass21: cjne R7,#'v',pass22 ;if R7 != b then jump to pass2//52
00F6 3170            150                     acall MOVET90_servo1
00F8 31AC            151                     acall MOVET45_servo2 ;function for servo2
00FA 22              152                     ret
00FB BF7705          153     pass22: cjne R7,#'w',pass23 ;if R7 != b then jump to pass2//53
00FE 3170            154                     acall MOVET90_servo1
0100 319D            155                     acall MOVE0_servo2 ;function for servo2
0102 22              156                     ret
0103 BF7805          157     pass23: cjne R7,#'x',pass24 ;if R7 != b then jump to pass2//54
0106 3170            158                     acall MOVET90_servo1
0108 318E            159                     acall MOVE45_servo2 ;function for servo2
010A 22              160                     ret
010B BF7905          161     pass24: cjne R7,#'y',pass25 ;if R7 != b then jump to pass2//55
010E 3170            162                     acall MOVET90_servo1
0110 317F            163                     acall MOVE90_servo2 ;function for servo2
0112 22              164                     ret             
0113 22              165     pass25: ret
                     166     
0114                 167     reply:
0114 747A            168                     mov A,#'z'
0116 F599            169                     mov sbuf,A
0118 3099FD          170                     back:jnb TI,back
011B C299            171                     clr TI
011D 22              172                     ret
                     173     
011E                 174     DELAYSV:
011E 7F05            175             MOV     R7,#5
0120                 176             DELAYSVV:
0120 758AA0          177             MOV TL0,#LOW(-60000)
0123 758C15          178             MOV TH0,#HIGH(-60000)
0126 D28C            179             SETB    TR0
0128 308DFD          180             AGAIN:  JNB     TF0,    AGAIN
012B C28C            181             CLR     TR0
012D C28D            182             CLR     TF0
012F DFEF            183             DJNZ R7,DELAYSVV
0131 7F00            184             MOV     R7,#0
0133 22              185             RET
                     186     ;------------------------------ CHUONG TRINH CON GOC SERVO 1 -------------------
0134                 187     MOVE90_servo1:
0134 7F14            188             MOV R7,#20
0136                 189     MOVE900_servo1:
A51 MACRO ASSEMBLER  VRHEADSET                                                            06/05/2019 09:16:17 PAGE     4

0136 D2A0            190             SETB P2.0
0138 31CA            191             CALL DELAY90
013A C2A0            192             CLR P2.0
013C 31CA            193             CALL DELAY90
013E DFF6            194             DJNZ R7,MOVE900_servo1
0140 7F00            195             MOV R7,#0
0142 22              196             RET
                     197     
0143                 198     MOVE45_servo1:
0143 7F14            199             MOV R7,#20
0145                 200     MOVE455_servo1:
0145 D2A0            201             SETB P2.0
0147 31DA            202             CALL DELAY45
0149 C2A0            203             CLR P2.0
014B 31DA            204             CALL DELAY45
014D DFF6            205             DJNZ R7,MOVE455_servo1
014F 7F00            206             MOV R7,#0
0151 22              207             RET
                     208     
0152                 209     MOVE0_servo1:
0152 7F14            210             MOV R7,#20
0154                 211     MOVE00_servo1:
0154 D2A0            212             SETB P2.0
0156 31EA            213             CALL DELAY0
0158 C2A0            214             CLR P2.0
015A 31EA            215             CALL DELAY0
015C DFF6            216             DJNZ R7,MOVE00_servo1
015E 7F00            217             MOV R7,#0
0160 22              218             RET
                     219     
0161                 220     MOVET45_servo1:
0161 7F14            221             MOV R7,#20
0163                 222     MOVET455_servo1:
0163 D2A0            223             SETB P2.0
0165 31FA            224             CALL DELAYT45
0167 C2A0            225             CLR P2.0
0169 31FA            226             CALL DELAYT45
016B DFF6            227             DJNZ R7,MOVET455_servo1
016D 7F00            228             MOV R7,#0
016F 22              229             RET
                     230             
0170                 231     MOVET90_servo1:
0170 7F14            232             MOV R7,#20
0172                 233     MOVET900_servo1:
0172 D2A0            234             SETB P2.0
0174 510A            235             CALL DELAYT90
0176 C2A0            236             CLR P2.0
0178 510A            237             CALL DELAYT90
017A DFF6            238             DJNZ R7,MOVET900_servo1
017C 7F00            239             MOV R7,#0
017E 22              240             RET
                     241             
                     242     ;------------------------------ CHUONG TRINH CON GOC SERVO 2 -------------------
017F                 243     MOVE90_servo2:
017F 7F14            244             MOV R7,#20
0181                 245     MOVE900_servo2:
0181 D2A1            246             SETB P2.1
0183 31CA            247             CALL DELAY90
0185 C2A1            248             CLR P2.1
0187 31CA            249             CALL DELAY90
0189 DFF6            250             DJNZ R7,MOVE900_servo2
018B 7F00            251             MOV R7,#0
018D 22              252             RET
                     253     
018E                 254     MOVE45_servo2:
018E 7F14            255             MOV R7,#20
A51 MACRO ASSEMBLER  VRHEADSET                                                            06/05/2019 09:16:17 PAGE     5

0190                 256     MOVE455_servo2:
0190 D2A1            257             SETB P2.1
0192 31DA            258             CALL DELAY45
0194 C2A1            259             CLR P2.1
0196 31DA            260             CALL DELAY45
0198 DFF6            261             DJNZ R7,MOVE455_servo2
019A 7F00            262             MOV R7,#0
019C 22              263             RET
                     264     
019D                 265     MOVE0_servo2:
019D 7F14            266             MOV R7,#20
019F                 267     MOVE00_servo2:
019F D2A1            268             SETB P2.1
01A1 31EA            269             CALL DELAY0
01A3 C2A1            270             CLR P2.1
01A5 31EA            271             CALL DELAY0
01A7 DFF6            272             DJNZ R7,MOVE00_servo2
01A9 7F00            273             MOV R7,#0
01AB 22              274             RET
                     275     
01AC                 276     MOVET45_servo2:
01AC 7F14            277             MOV R7,#20
01AE                 278     MOVET455_servo2:
01AE D2A1            279             SETB P2.1
01B0 31FA            280             CALL DELAYT45
01B2 C2A1            281             CLR P2.1
01B4 31FA            282             CALL DELAYT45
01B6 DFF6            283             DJNZ R7,MOVET455_servo2
01B8 7F00            284             MOV R7,#0
01BA 22              285             RET
                     286             
01BB                 287     MOVET90_servo2:
01BB 7F14            288             MOV R7,#20
01BD                 289     MOVET900_servo2:
01BD D2A1            290             SETB P2.1
01BF 510A            291             CALL DELAYT90
01C1 C2A1            292             CLR P2.1
01C3 510A            293             CALL DELAYT90
01C5 DFF6            294             DJNZ R7,MOVET900_servo2
01C7 7F00            295             MOV R7,#0
01C9 22              296             RET
                     297             
                     298     ;-----------    
01CA                 299     DELAY90:
01CA 758A3C          300             MOV TL0,#LOW(-2500)
01CD 758CF6          301             MOV TH0,#HIGH(-2500)
01D0 D28C            302             SETB TR0
01D2 308DFD          303             JNB  TF0,$
01D5 C28C            304             CLR  TR0
01D7 C28D            305             CLR  TF0
01D9 22              306             RET
01DA                 307     DELAY45:
01DA 758A30          308             MOV TL0,#LOW(-2000)
01DD 758CF8          309             MOV TH0,#HIGH(-2000)
01E0 D28C            310             SETB TR0
01E2 308DFD          311             JNB  TF0,$
01E5 C28C            312             CLR  TR0
01E7 C28D            313             CLR  TF0
01E9 22              314             RET
01EA                 315     DELAY0:
01EA 758A24          316             MOV TL0,#LOW(-1500)
01ED 758CFA          317             MOV TH0,#HIGH(-1500)
01F0 D28C            318             SETB TR0
01F2 308DFD          319             JNB  TF0,$
01F5 C28C            320             CLR  TR0
01F7 C28D            321             CLR  TF0
A51 MACRO ASSEMBLER  VRHEADSET                                                            06/05/2019 09:16:17 PAGE     6

01F9 22              322             RET
01FA                 323     DELAYT45:
01FA 758A18          324             MOV TL0,#LOW(-1000)
01FD 758CFC          325             MOV TH0,#HIGH(-1000)
0200 D28C            326             SETB TR0
0202 308DFD          327             JNB  TF0,$
0205 C28C            328             CLR  TR0
0207 C28D            329             CLR  TF0
0209 22              330             RET     
020A                 331     DELAYT90:
020A 758A0C          332             MOV TL0,#LOW(-500)
020D 758CFE          333             MOV TH0,#HIGH(-500)
0210 D28C            334             SETB TR0
0212 308DFD          335             JNB  TF0,$
0215 C28C            336             CLR  TR0
0217 C28D            337             CLR  TF0
0219 22              338             RET
                     339     end
A51 MACRO ASSEMBLER  VRHEADSET                                                            06/05/2019 09:16:17 PAGE     7

SYMBOL TABLE LISTING
------ ----- -------


N A M E             T Y P E  V A L U E   ATTRIBUTES

AGAIN. . . . . . .  C ADDR   0128H   A   
BACK . . . . . . .  C ADDR   0118H   A   
CONTROL_SERVO. . .  C ADDR   004BH   A   
DELAY0 . . . . . .  C ADDR   01EAH   A   
DELAY45. . . . . .  C ADDR   01DAH   A   
DELAY90. . . . . .  C ADDR   01CAH   A   
DELAYSV. . . . . .  C ADDR   011EH   A   
DELAYSVV . . . . .  C ADDR   0120H   A   
DELAYT45 . . . . .  C ADDR   01FAH   A   
DELAYT90 . . . . .  C ADDR   020AH   A   
HERE . . . . . . .  C ADDR   003EH   A   
IE . . . . . . . .  D ADDR   00A8H   A   
MAIN . . . . . . .  C ADDR   0030H   A   
MOVE00_SERVO1. . .  C ADDR   0154H   A   
MOVE00_SERVO2. . .  C ADDR   019FH   A   
MOVE0_SERVO1 . . .  C ADDR   0152H   A   
MOVE0_SERVO2 . . .  C ADDR   019DH   A   
MOVE455_SERVO1 . .  C ADDR   0145H   A   
MOVE455_SERVO2 . .  C ADDR   0190H   A   
MOVE45_SERVO1. . .  C ADDR   0143H   A   
MOVE45_SERVO2. . .  C ADDR   018EH   A   
MOVE900_SERVO1 . .  C ADDR   0136H   A   
MOVE900_SERVO2 . .  C ADDR   0181H   A   
MOVE90_SERVO1. . .  C ADDR   0134H   A   
MOVE90_SERVO2. . .  C ADDR   017FH   A   
MOVET455_SERVO1. .  C ADDR   0163H   A   
MOVET455_SERVO2. .  C ADDR   01AEH   A   
MOVET45_SERVO1 . .  C ADDR   0161H   A   
MOVET45_SERVO2 . .  C ADDR   01ACH   A   
MOVET900_SERVO1. .  C ADDR   0172H   A   
MOVET900_SERVO2. .  C ADDR   01BDH   A   
MOVET90_SERVO1 . .  C ADDR   0170H   A   
MOVET90_SERVO2 . .  C ADDR   01BBH   A   
P2 . . . . . . . .  D ADDR   00A0H   A   
PASS1. . . . . . .  C ADDR   0053H   A   
PASS10 . . . . . .  C ADDR   009BH   A   
PASS11 . . . . . .  C ADDR   00A3H   A   
PASS12 . . . . . .  C ADDR   00ABH   A   
PASS13 . . . . . .  C ADDR   00B3H   A   
PASS14 . . . . . .  C ADDR   00BBH   A   
PASS15 . . . . . .  C ADDR   00C3H   A   
PASS16 . . . . . .  C ADDR   00CBH   A   
PASS17 . . . . . .  C ADDR   00D3H   A   
PASS18 . . . . . .  C ADDR   00DBH   A   
PASS19 . . . . . .  C ADDR   00E3H   A   
PASS2. . . . . . .  C ADDR   005BH   A   
PASS20 . . . . . .  C ADDR   00EBH   A   
PASS21 . . . . . .  C ADDR   00F3H   A   
PASS22 . . . . . .  C ADDR   00FBH   A   
PASS23 . . . . . .  C ADDR   0103H   A   
PASS24 . . . . . .  C ADDR   010BH   A   
PASS25 . . . . . .  C ADDR   0113H   A   
PASS3. . . . . . .  C ADDR   0063H   A   
PASS4. . . . . . .  C ADDR   006BH   A   
PASS5. . . . . . .  C ADDR   0073H   A   
PASS6. . . . . . .  C ADDR   007BH   A   
PASS7. . . . . . .  C ADDR   0083H   A   
PASS8. . . . . . .  C ADDR   008BH   A   
PASS9. . . . . . .  C ADDR   0093H   A   
REPLY. . . . . . .  C ADDR   0114H   A   
A51 MACRO ASSEMBLER  VRHEADSET                                                            06/05/2019 09:16:17 PAGE     8

RI . . . . . . . .  B ADDR   0098H.0 A   
SBUF . . . . . . .  D ADDR   0099H   A   
SCON . . . . . . .  D ADDR   0098H   A   
SERIAL . . . . . .  C ADDR   0042H   A   
TF0. . . . . . . .  B ADDR   0088H.5 A   
TH0. . . . . . . .  D ADDR   008CH   A   
TH1. . . . . . . .  D ADDR   008DH   A   
TI . . . . . . . .  B ADDR   0098H.1 A   
TL0. . . . . . . .  D ADDR   008AH   A   
TMOD . . . . . . .  D ADDR   0089H   A   
TR0. . . . . . . .  B ADDR   0088H.4 A   
TR1. . . . . . . .  B ADDR   0088H.6 A   


REGISTER BANK(S) USED: 0 


ASSEMBLY COMPLETE.  0 WARNING(S), 0 ERROR(S)
